---
source: tests/arg.rs
expression: output1
---
claptrap_file=(in-file out-file)
