---
source: tests/arg.rs
expression: output
---
claptrap_flag=false
