---
source: tests/arg.rs
expression: output2
---
claptrap_create=false
