---
source: tests/arg.rs
expression: output1
---
claptrap_opt=myval
