---
source: tests/arg.rs
expression: output3
---
claptrap_mode=plaid
