---
source: tests/arg.rs
expression: output2
---
claptrap_opt=(non_default another_value)
