---
source: tests/arg.rs
expression: output
---
claptrap_num=-20
