---
source: tests/arg.rs
expression: output1
---
claptrap_color=auto
