---
source: tests/arg.rs
expression: output
---
claptrap_color=auto
