---
source: tests/arg.rs
expression: output
---
claptrap_color=true
claptrap_flag=false
claptrap_debug=false
