---
source: tests/arg.rs
expression: output3
---
claptrap_create=true
