---
source: tests/arg.rs
expression: output
---
command cat <<'EOF'
[1m[31merror:[0m the argument '[33m--debug[0m' cannot be used with '[33m--config <cfg>[0m'

[1m[4mUsage:[0m [1mprog[0m [1m--debug[0m

For more information, try '[1m--help[0m'.
EOF
exit 1
