---
source: tests/arg.rs
expression: output1
---
claptrap_first=one
claptrap_third=three
