---
source: tests/arg.rs
expression: output2
---
claptrap_color=never
