---
source: tests/arg.rs
expression: output
---
claptrap_test=true
