---
source: tests/arg.rs
expression: output1
---
claptrap_file=(file1 file2 file3 word)
