---
source: tests/basic.rs
expression: output
---
command cat <<'EOF'
[1m[31merror:[0m unexpected argument '[33m--invalid[0m' found

[1m[4mUsage:[0m [1mmyapp[0m [OPTIONS]

For more information, try '[1m--help[0m'.
EOF
exit 1
