---
source: tests/command.rs
expression: output
---
command cat <<'EOF'
[1m[31merror:[0m unexpected argument '[33m--te[0m' found

  [32mtip:[0m a similar argument exists: '[32m--temp[0m'

[1m[4mUsage:[0m [1mmyprog[0m [1m--temp[0m

For more information, try '[1m--help[0m'.
EOF
exit 1
