---
source: tests/command.rs
expression: output
---
claptrap_foo=value
