---
source: tests/command.rs
expression: output
---
claptrap_arg2=other
