---
source: tests/command.rs
expression: output
---
command cat <<'EOF'
myprog () Me, me@mymain.com - [1mmyprog[0m
EOF
exit 0
