---
source: tests/command.rs
expression: output
---
command cat <<'EOF'
Some verbose and long info I'd like to appear before the help info


[1m[4mUsage:[0m [1mmyprog[0m

[1m[4mOptions:[0m
  [1m-h[0m, [1m--help[0m
          Print help (see a summary with '-h')
EOF
exit 0
