---
source: tests/command.rs
expression: output
---
command cat <<'EOF'
[1m[4mUsage:[0m [1mprog[0m [OPTIONS]

[1m[4mOptions:[0m
  [1m-o[0m, [1m--long-option-flag[0m <value1> <value2>
          Some really long help and complex
          help that makes more sense to be
          on a line after the option
  [1m-h[0m, [1m--help[0m
          Print help
EOF
exit 0
