---
source: tests/command.rs
expression: output
---
claptrap_test=true
