---
source: tests/command.rs
expression: output
---
claptrap_arg2=other
claptrap_arg1=something
